#-----------------------------------------------------------
# Webtalk v2017.2 (64-bit)
# SW Build 1909853 on Thu Jun 15 18:39:09 MDT 2017
# IP Build 1909766 on Thu Jun 15 19:58:00 MDT 2017
# Start of session at: Fri Feb  9 22:22:01 2018
# Process ID: 41500
# Current directory: C:/Users/dgaiero/Documents/School/College/Year_2/Quarter_2/CPE_233/RAT_5/VIVADO/RAT_5.sim/sim_1/behav
# Command line: wbtcv.exe -mode batch -source C:/Users/dgaiero/Documents/School/College/Year_2/Quarter_2/CPE_233/RAT_5/VIVADO/RAT_5.sim/sim_1/behav/xsim.dir/RAT_MCU_behav/webtalk/xsim_webtalk.tcl -notrace
# Log file: C:/Users/dgaiero/Documents/School/College/Year_2/Quarter_2/CPE_233/RAT_5/VIVADO/RAT_5.sim/sim_1/behav/webtalk.log
# Journal file: C:/Users/dgaiero/Documents/School/College/Year_2/Quarter_2/CPE_233/RAT_5/VIVADO/RAT_5.sim/sim_1/behav\webtalk.jou
#-----------------------------------------------------------
source C:/Users/dgaiero/Documents/School/College/Year_2/Quarter_2/CPE_233/RAT_5/VIVADO/RAT_5.sim/sim_1/behav/xsim.dir/RAT_MCU_behav/webtalk/xsim_webtalk.tcl -notrace
