Copyright 1986-2017 Xilinx, Inc. All Rights Reserved.
----------------------------------------------------------------------------------------
| Tool Version : Vivado v.2017.2 (win64) Build 1909853 Thu Jun 15 18:39:09 MDT 2017
| Date         : Sun Mar  4 17:46:44 2018
| Host         : DPS-XPS running 64-bit major release  (build 9200)
| Command      : report_control_sets -verbose -file RAT_wrapper_control_sets_placed.rpt
| Design       : RAT_wrapper
| Device       : xc7a35t
----------------------------------------------------------------------------------------

Control Set Information

Table of Contents
-----------------
1. Summary
2. Flip-Flop Distribution
3. Detailed Control Set Information

1. Summary
----------

+----------------------------------------------------------+-------+
|                          Status                          | Count |
+----------------------------------------------------------+-------+
| Number of unique control sets                            |     9 |
| Unused register locations in slices containing registers |    21 |
+----------------------------------------------------------+-------+


2. Flip-Flop Distribution
-------------------------

+--------------+-----------------------+------------------------+-----------------+--------------+
| Clock Enable | Synchronous Set/Reset | Asynchronous Set/Reset | Total Registers | Total Slices |
+--------------+-----------------------+------------------------+-----------------+--------------+
| No           | No                    | No                     |              13 |            8 |
| No           | No                    | Yes                    |               0 |            0 |
| No           | Yes                   | No                     |               0 |            0 |
| Yes          | No                    | No                     |              12 |            7 |
| Yes          | No                    | Yes                    |               0 |            0 |
| Yes          | Yes                   | No                     |              26 |           13 |
+--------------+-----------------------+------------------------+-----------------+--------------+


3. Detailed Control Set Information
-----------------------------------

+-----------------+-------------------------------------------+-------------------------------------------+------------------+----------------+
|   Clock Signal  |               Enable Signal               |              Set/Reset Signal             | Slice Load Count | Bel Load Count |
+-----------------+-------------------------------------------+-------------------------------------------+------------------+----------------+
|  CLK_IBUF_BUFG  |                                           |                                           |                1 |              1 |
|  CLK_IBUF_BUFG  | CPU/prog_rom_i/r_SevenSeg_reg[0][0]       |                                           |                1 |              4 |
|  s_clk_sig_BUFG | db_1shot_FSM_i/bounce_counter/s_count_inc | db_1shot_FSM_i/bounce_counter/s_count_rst |                3 |              8 |
|  s_clk_sig_BUFG | CPU/prog_rom_i/SP_COUNT_TMP_reg[0]_0[0]   | CPU/CU/SR[0]                              |                3 |              8 |
|  CLK_IBUF_BUFG  | CPU/prog_rom_i/E[0]                       |                                           |                6 |              8 |
|  s_clk_sig_BUFG | CPU/CU/E[0]                               | CPU/CU/SR[0]                              |                7 |             10 |
|  s_clk_sig_BUFG |                                           |                                           |                7 |             12 |
|  s_clk_sig_BUFG | CPU/prog_rom_i/RF_WR                      |                                           |                2 |             16 |
|  s_clk_sig_BUFG | CPU/prog_rom_i/SCR_WE                     |                                           |               10 |             40 |
+-----------------+-------------------------------------------+-------------------------------------------+------------------+----------------+


+--------+-----------------------+
| Fanout | Number of ControlSets |
+--------+-----------------------+
| 1      |                     1 |
| 4      |                     1 |
| 8      |                     3 |
| 10     |                     1 |
| 12     |                     1 |
| 16+    |                     2 |
+--------+-----------------------+


