#-----------------------------------------------------------
# Vivado v2017.2 (64-bit)
# SW Build 1909853 on Thu Jun 15 18:39:09 MDT 2017
# IP Build 1909766 on Thu Jun 15 19:58:00 MDT 2017
# Start of session at: Mon Mar  5 14:55:19 2018
# Process ID: 145036
# Current directory: C:/Users/dgaiero/Documents/School/College/Year_2/Quarter_2/CPE_233/RAT_COMPLETE/VIVADO
# Command line: vivado.exe -gui_launcher_event rodinguilauncherevent114796 C:\Users\dgaiero\Documents\School\College\Year_2\Quarter_2\CPE_233\RAT_COMPLETE\VIVADO\RAT.xpr
# Log file: C:/Users/dgaiero/Documents/School/College/Year_2/Quarter_2/CPE_233/RAT_COMPLETE/VIVADO/vivado.log
# Journal file: C:/Users/dgaiero/Documents/School/College/Year_2/Quarter_2/CPE_233/RAT_COMPLETE/VIVADO\vivado.jou
#-----------------------------------------------------------
start_gui
open_project C:/Users/dgaiero/Documents/School/College/Year_2/Quarter_2/CPE_233/RAT_COMPLETE/VIVADO/RAT.xpr
update_compile_order -fileset sources_1
update_compile_order -fileset sources_1
update_compile_order -fileset sources_1
synth_design -rtl -name rtl_1
synth_design -rtl -name rtl_1
refresh_design
refresh_design
reset_run synth_1
launch_runs impl_1 -to_step write_bitstream -jobs 4
wait_on_run impl_1
open_hw
