#-----------------------------------------------------------
# Vivado v2017.2 (64-bit)
# SW Build 1909853 on Thu Jun 15 18:39:09 MDT 2017
# IP Build 1909766 on Thu Jun 15 19:58:00 MDT 2017
# Start of session at: Wed Jan 24 22:40:07 2018
# Process ID: 12012
# Current directory: C:/Users/edavis/Documents/CPE_233/RAT_2/VIVADO/RAT_2
# Command line: vivado.exe -gui_launcher_event rodinguilauncherevent11304 C:\Users\edavis\Documents\CPE_233\RAT_2\VIVADO\RAT_2\RAT_2.xpr
# Log file: C:/Users/edavis/Documents/CPE_233/RAT_2/VIVADO/RAT_2/vivado.log
# Journal file: C:/Users/edavis/Documents/CPE_233/RAT_2/VIVADO/RAT_2\vivado.jou
#-----------------------------------------------------------
start_gui
open_project C:/Users/edavis/Documents/CPE_233/RAT_2/VIVADO/RAT_2/RAT_2.xpr
synth_design -rtl -name rtl_1
launch_simulation
source test_bench.tcl
add_bp {C:/Users/edavis/Documents/CPE_233/RAT_2/VIVADO/RAT_2/RAT_2.srcs/sources_1/new/pc_mux.vhd} 48
remove_bps -file {C:/Users/edavis/Documents/CPE_233/RAT_2/VIVADO/RAT_2/RAT_2.srcs/sources_1/new/pc_mux.vhd} -line 48
add_bp {C:/Users/edavis/Documents/CPE_233/RAT_2/VIVADO/RAT_2/RAT_2.srcs/sources_1/new/pc_mux.vhd} 48
remove_bps -file {C:/Users/edavis/Documents/CPE_233/RAT_2/VIVADO/RAT_2/RAT_2.srcs/sources_1/new/pc_mux.vhd} -line 48
add_bp {C:/Users/edavis/Documents/CPE_233/RAT_2/VIVADO/RAT_2/RAT_2.srcs/sources_1/new/pc_mux.vhd} 48
remove_bps -file {C:/Users/edavis/Documents/CPE_233/RAT_2/VIVADO/RAT_2/RAT_2.srcs/sources_1/new/pc_mux.vhd} -line 48
close_sim
